[INFO] Scanning for projects...
[INFO] 
[INFO] -----------------------< com.Skillvibe:tutoring >-----------------------
[INFO] Building tutoring 0.0.1-SNAPSHOT
[INFO]   from pom.xml
[INFO] --------------------------------[ jar ]---------------------------------
[INFO] 
[INFO] --- clean:3.3.2:clean (default-clean) @ tutoring ---
[INFO] Deleting C:\Users\Albeiro\Desktop\SkillVibes\SkillVibe-B\target
[INFO] 
[INFO] >>> spring-boot:3.3.0:run (default-cli) > test-compile @ tutoring >>>
[INFO] 
[INFO] --- jacoco:0.8.12:prepare-agent (default) @ tutoring ---
[INFO] argLine set to -javaagent:C:\\Users\\Albeiro\\.m2\\repository\\org\\jacoco\\org.jacoco.agent\\0.8.12\\org.jacoco.agent-0.8.12-runtime.jar=destfile=C:\\Users\\Albeiro\\Desktop\\SkillVibes\\SkillVibe-B\\target\\jacoco.exec
[INFO] 
[INFO] --- resources:3.3.1:resources (default-resources) @ tutoring ---
[INFO] Copying 1 resource from src\main\resources to target\classes
[INFO] Copying 0 resource from src\main\resources to target\classes
[INFO] 
[INFO] --- compiler:3.13.0:compile (default-compile) @ tutoring ---
[INFO] Recompiling the module because of changed source code.
[INFO] Compiling 64 source files with javac [debug parameters release 17] to target\classes
[INFO] 
[INFO] --- resources:3.3.1:testResources (default-testResources) @ tutoring ---
[INFO] Not copying test resources
[INFO] 
[INFO] --- compiler:3.13.0:testCompile (default-testCompile) @ tutoring ---
[INFO] Not compiling test sources
[INFO] 
[INFO] <<< spring-boot:3.3.0:run (default-cli) < test-compile @ tutoring <<<
[INFO] 
[INFO] 
[INFO] --- spring-boot:3.3.0:run (default-cli) @ tutoring ---
[INFO] Attaching agents: []
  .   ____          _            __ _ _
 /\\ / ___'_ __ _ _(_)_ __  __ _ \ \ \ \
( ( )\___ | '_ | '_| | '_ \/ _` | \ \ \ \
 \\/  ___)| |_)| | | | | || (_| |  ) ) ) )
  '  |____| .__|_| |_|_| |_\__, | / / / /
 =========|_|==============|___/=/_/_/_/

 :: Spring Boot ::                (v3.3.0)

2026-05-18T14:43:23.003-05:00  INFO 1060 --- [           main] c.s.tutoring.TutoringApplication         : Starting TutoringApplication using Java 17.0.18 with PID 1060 (C:\Users\Albeiro\Desktop\SkillVibes\SkillVibe-B\target\classes started by Albeiro in C:\Users\Albeiro\Desktop\SkillVibes\SkillVibe-B)
2026-05-18T14:43:23.008-05:00  INFO 1060 --- [           main] c.s.tutoring.TutoringApplication         : No active profile set, falling back to 1 default profile: "default"
2026-05-18T14:43:24.067-05:00  INFO 1060 --- [           main] .s.d.r.c.RepositoryConfigurationDelegate : Bootstrapping Spring Data JPA repositories in DEFAULT mode.
2026-05-18T14:43:24.162-05:00  INFO 1060 --- [           main] .s.d.r.c.RepositoryConfigurationDelegate : Finished Spring Data repository scanning in 84 ms. Found 6 JPA repository interfaces.
2026-05-18T14:43:25.009-05:00  INFO 1060 --- [           main] o.s.b.w.embedded.tomcat.TomcatWebServer  : Tomcat initialized with port 8080 (http)
2026-05-18T14:43:25.026-05:00  INFO 1060 --- [           main] o.apache.catalina.core.StandardService   : Starting service [Tomcat]
2026-05-18T14:43:25.026-05:00  INFO 1060 --- [           main] o.apache.catalina.core.StandardEngine    : Starting Servlet engine: [Apache Tomcat/10.1.24]
2026-05-18T14:43:25.115-05:00  INFO 1060 --- [           main] o.a.c.c.C.[Tomcat].[localhost].[/]       : Initializing Spring embedded WebApplicationContext
2026-05-18T14:43:25.116-05:00  INFO 1060 --- [           main] w.s.c.ServletWebServerApplicationContext : Root WebApplicationContext: initialization completed in 2033 ms
2026-05-18T14:43:25.348-05:00  INFO 1060 --- [           main] o.hibernate.jpa.internal.util.LogHelper  : HHH000204: Processing PersistenceUnitInfo [name: default]
2026-05-18T14:43:25.480-05:00  INFO 1060 --- [           main] org.hibernate.Version                    : HHH000412: Hibernate ORM core version 6.5.2.Final
2026-05-18T14:43:25.545-05:00  INFO 1060 --- [           main] o.h.c.internal.RegionFactoryInitiator    : HHH000026: Second-level cache disabled
2026-05-18T14:43:25.961-05:00  INFO 1060 --- [           main] o.s.o.j.p.SpringPersistenceUnitInfo      : No LoadTimeWeaver setup: ignoring JPA class transformer
2026-05-18T14:43:25.996-05:00  INFO 1060 --- [           main] com.zaxxer.hikari.HikariDataSource       : HikariPool-1 - Starting...
2026-05-18T14:43:26.276-05:00  INFO 1060 --- [           main] com.zaxxer.hikari.pool.HikariPool        : HikariPool-1 - Added connection conn0: url=jdbc:h2:mem:skillvibedb user=SA
2026-05-18T14:43:26.278-05:00  INFO 1060 --- [           main] com.zaxxer.hikari.HikariDataSource       : HikariPool-1 - Start completed.
2026-05-18T14:43:27.648-05:00  INFO 1060 --- [           main] o.h.e.t.j.p.i.JtaPlatformInitiator       : HHH000489: No JTA platform available (set 'hibernate.transaction.jta.platform' to enable JTA platform integration)
2026-05-18T14:43:27.713-05:00 DEBUG 1060 --- [           main] org.hibernate.SQL                        : create table notifications (id bigint generated by default as identity, created_at timestamp(6), is_read boolean not null, message varchar(255) not null, type enum ('BOOKING','REJECTED','REVIEW','SYSTEM','VERIFIED') not null, user_id bigint not null, primary key (id))
Hibernate: create table notifications (id bigint generated by default as identity, created_at timestamp(6), is_read boolean not null, message varchar(255) not null, type enum ('BOOKING','REJECTED','REVIEW','SYSTEM','VERIFIED') not null, user_id bigint not null, primary key (id))
2026-05-18T14:43:27.729-05:00 DEBUG 1060 --- [           main] org.hibernate.SQL                        : create table reviews (id bigint generated by default as identity, comment TEXT, created_at timestamp(6), rating integer not null check ((rating<=5) and (rating>=1)), estudiante_id bigint not null, tutor_id bigint not null, tutoria_id bigint not null, primary key (id))
Hibernate: create table reviews (id bigint generated by default as identity, comment TEXT, created_at timestamp(6), rating integer not null check ((rating<=5) and (rating>=1)), estudiante_id bigint not null, tutor_id bigint not null, tutoria_id bigint not null, primary key (id))
2026-05-18T14:43:27.731-05:00 DEBUG 1060 --- [           main] org.hibernate.SQL                        : create table transactions (id bigint generated by default as identity, amount float(53) not null, description varchar(255) not null, external_payment_id varchar(255), timestamp timestamp(6), type enum ('EARNING','LOAD','PAYMENT','REFUND','WITHDRAW') not null, user_id bigint not null, primary key (id))
Hibernate: create table transactions (id bigint generated by default as identity, amount float(53) not null, description varchar(255) not null, external_payment_id varchar(255), timestamp timestamp(6), type enum ('EARNING','LOAD','PAYMENT','REFUND','WITHDRAW') not null, user_id bigint not null, primary key (id))
2026-05-18T14:43:27.732-05:00 DEBUG 1060 --- [           main] org.hibernate.SQL                        : create table tutor_profiles (id bigint generated by default as identity, average_rating float(53) not null, bio TEXT, created_at timestamp(6), credentials_url TEXT, degree_url TEXT not null, hourly_rate float(53) not null, identity_card_url TEXT not null, is_verified boolean not null, profile_picture_url TEXT, total_reviews integer not null, updated_at timestamp(6), years_of_experience integer, user_id bigint not null, primary key (id))
Hibernate: create table tutor_profiles (id bigint generated by default as identity, average_rating float(53) not null, bio TEXT, created_at timestamp(6), credentials_url TEXT, degree_url TEXT not null, hourly_rate float(53) not null, identity_card_url TEXT not null, is_verified boolean not null, profile_picture_url TEXT, total_reviews integer not null, updated_at timestamp(6), years_of_experience integer, user_id bigint not null, primary key (id))
2026-05-18T14:43:27.734-05:00 DEBUG 1060 --- [           main] org.hibernate.SQL                        : create table tutor_subjects (tutor_profile_id bigint not null, subject varchar(255))
Hibernate: create table tutor_subjects (tutor_profile_id bigint not null, subject varchar(255))
2026-05-18T14:43:27.738-05:00 DEBUG 1060 --- [           main] org.hibernate.SQL                        : create table tutoring_classes (id bigint generated by default as identity, created_at timestamp(6), description varchar(255), fecha_hora timestamp(6), meeting_link varchar(255), price float(53), status enum ('CANCELLED','COMPLETED','IN_PROGRESS','PROGRAMMED'), subject varchar(255), updated_at timestamp(6), estudiante_id bigint, tutor_id bigint, primary key (id))
Hibernate: create table tutoring_classes (id bigint generated by default as identity, created_at timestamp(6), description varchar(255), fecha_hora timestamp(6), meeting_link varchar(255), price float(53), status enum ('CANCELLED','COMPLETED','IN_PROGRESS','PROGRAMMED'), subject varchar(255), updated_at timestamp(6), estudiante_id bigint, tutor_id bigint, primary key (id))
2026-05-18T14:43:27.739-05:00 DEBUG 1060 --- [           main] org.hibernate.SQL                        : create table users (id bigint generated by default as identity, balance float(53), created_at timestamp(6), email varchar(255) not null, email_verified boolean not null, full_name varchar(255) not null, password varchar(255) not null, password_reset_token varchar(64), password_reset_token_expiry timestamp(6), role enum ('ADMIN','STUDENT','TUTOR'), updated_at timestamp(6), verification_token varchar(64), verification_token_expiry timestamp(6), primary key (id))
Hibernate: create table users (id bigint generated by default as identity, balance float(53), created_at timestamp(6), email varchar(255) not null, email_verified boolean not null, full_name varchar(255) not null, password varchar(255) not null, password_reset_token varchar(64), password_reset_token_expiry timestamp(6), role enum ('ADMIN','STUDENT','TUTOR'), updated_at timestamp(6), verification_token varchar(64), verification_token_expiry timestamp(6), primary key (id))
2026-05-18T14:43:27.741-05:00 DEBUG 1060 --- [           main] org.hibernate.SQL                        : alter table if exists reviews drop constraint if exists uk_review_tutoria
Hibernate: alter table if exists reviews drop constraint if exists uk_review_tutoria
2026-05-18T14:43:27.741-05:00 DEBUG 1060 --- [           main] org.hibernate.SQL                        : alter table if exists reviews add constraint uk_review_tutoria unique (tutoria_id)
Hibernate: alter table if exists reviews add constraint uk_review_tutoria unique (tutoria_id)
2026-05-18T14:43:27.744-05:00 DEBUG 1060 --- [           main] org.hibernate.SQL                        : alter table if exists tutor_profiles drop constraint if exists UK1sv0wlmajyhm2ogpfvuceciqa
Hibernate: alter table if exists tutor_profiles drop constraint if exists UK1sv0wlmajyhm2ogpfvuceciqa
2026-05-18T14:43:27.744-05:00 DEBUG 1060 --- [           main] org.hibernate.SQL                        : alter table if exists tutor_profiles add constraint UK1sv0wlmajyhm2ogpfvuceciqa unique (user_id)
Hibernate: alter table if exists tutor_profiles add constraint UK1sv0wlmajyhm2ogpfvuceciqa unique (user_id)
2026-05-18T14:43:27.745-05:00 DEBUG 1060 --- [           main] org.hibernate.SQL                        : alter table if exists users drop constraint if exists UK6dotkott2kjsp8vw4d0m25fb7
Hibernate: alter table if exists users drop constraint if exists UK6dotkott2kjsp8vw4d0m25fb7
2026-05-18T14:43:27.745-05:00 DEBUG 1060 --- [           main] org.hibernate.SQL                        : alter table if exists users add constraint UK6dotkott2kjsp8vw4d0m25fb7 unique (email)
Hibernate: alter table if exists users add constraint UK6dotkott2kjsp8vw4d0m25fb7 unique (email)
2026-05-18T14:43:27.745-05:00 DEBUG 1060 --- [           main] org.hibernate.SQL                        : alter table if exists notifications add constraint FK9y21adhxn0ayjhfocscqox7bh foreign key (user_id) references users
Hibernate: alter table if exists notifications add constraint FK9y21adhxn0ayjhfocscqox7bh foreign key (user_id) references users
2026-05-18T14:43:27.751-05:00 DEBUG 1060 --- [           main] org.hibernate.SQL                        : alter table if exists reviews add constraint FKsicl7iwu2mgem9urlh1j4cxgs foreign key (estudiante_id) references users
Hibernate: alter table if exists reviews add constraint FKsicl7iwu2mgem9urlh1j4cxgs foreign key (estudiante_id) references users
2026-05-18T14:43:27.754-05:00 DEBUG 1060 --- [           main] org.hibernate.SQL                        : alter table if exists reviews add constraint FKnqd3rmo8lo3y5cncg277gvfiq foreign key (tutor_id) references users
Hibernate: alter table if exists reviews add constraint FKnqd3rmo8lo3y5cncg277gvfiq foreign key (tutor_id) references users
2026-05-18T14:43:27.755-05:00 DEBUG 1060 --- [           main] org.hibernate.SQL                        : alter table if exists reviews add constraint FK7kv3lpumws65v5wvrgf5d8800 foreign key (tutoria_id) references tutoring_classes
Hibernate: alter table if exists reviews add constraint FK7kv3lpumws65v5wvrgf5d8800 foreign key (tutoria_id) references tutoring_classes
2026-05-18T14:43:27.756-05:00 DEBUG 1060 --- [           main] org.hibernate.SQL                        : alter table if exists transactions add constraint FKqwv7rmvc8va8rep7piikrojds foreign key (user_id) references users
Hibernate: alter table if exists transactions add constraint FKqwv7rmvc8va8rep7piikrojds foreign key (user_id) references users
2026-05-18T14:43:27.757-05:00 DEBUG 1060 --- [           main] org.hibernate.SQL                        : alter table if exists tutor_profiles add constraint FK3h4hc71bbx1xyce6kbjm1bagn foreign key (user_id) references users
Hibernate: alter table if exists tutor_profiles add constraint FK3h4hc71bbx1xyce6kbjm1bagn foreign key (user_id) references users
2026-05-18T14:43:27.758-05:00 DEBUG 1060 --- [           main] org.hibernate.SQL                        : alter table if exists tutor_subjects add constraint FK29h0te37fp577sqgi7ry7pw1t foreign key (tutor_profile_id) references tutor_profiles
Hibernate: alter table if exists tutor_subjects add constraint FK29h0te37fp577sqgi7ry7pw1t foreign key (tutor_profile_id) references tutor_profiles
2026-05-18T14:43:27.759-05:00 DEBUG 1060 --- [           main] org.hibernate.SQL                        : alter table if exists tutoring_classes add constraint FKgpxpggwqp3qolcef76farwrhr foreign key (estudiante_id) references users
Hibernate: alter table if exists tutoring_classes add constraint FKgpxpggwqp3qolcef76farwrhr foreign key (estudiante_id) references users
2026-05-18T14:43:27.761-05:00 DEBUG 1060 --- [           main] org.hibernate.SQL                        : alter table if exists tutoring_classes add constraint FKo87lb0wa5inv55qwltgu5l5k2 foreign key (tutor_id) references users
Hibernate: alter table if exists tutoring_classes add constraint FKo87lb0wa5inv55qwltgu5l5k2 foreign key (tutor_id) references users
2026-05-18T14:43:27.764-05:00  INFO 1060 --- [           main] j.LocalContainerEntityManagerFactoryBean : Initialized JPA EntityManagerFactory for persistence unit 'default'
2026-05-18T14:43:28.172-05:00  INFO 1060 --- [           main] o.s.d.j.r.query.QueryEnhancerFactory     : Hibernate is in classpath; If applicable, HQL parser will be used.
2026-05-18T14:43:29.141-05:00  WARN 1060 --- [           main] JpaBaseConfiguration$JpaWebConfiguration : spring.jpa.open-in-view is enabled by default. Therefore, database queries may be performed during view rendering. Explicitly configure spring.jpa.open-in-view to disable this warning
2026-05-18T14:43:29.275-05:00  WARN 1060 --- [           main] .s.s.UserDetailsServiceAutoConfiguration : 

Using generated security password: 1f5b04ab-5d72-42bb-9da5-106ae815c928

This generated password is for development use only. Your security configuration must be updated before running your application in production.

2026-05-18T14:43:29.283-05:00  INFO 1060 --- [           main] r$InitializeUserDetailsManagerConfigurer : Global AuthenticationManager configured with UserDetailsService bean with name inMemoryUserDetailsManager
2026-05-18T14:43:29.591-05:00  INFO 1060 --- [           main] o.s.s.web.DefaultSecurityFilterChain     : Will secure any request with [org.springframework.security.web.session.DisableEncodeUrlFilter@7537f638, org.springframework.security.web.context.request.async.WebAsyncManagerIntegrationFilter@4a842e8a, org.springframework.security.web.context.SecurityContextHolderFilter@72bf63a, org.springframework.security.web.header.HeaderWriterFilter@15d6f0e1, org.springframework.web.filter.CorsFilter@6b909973, org.springframework.security.web.authentication.logout.LogoutFilter@3f96ef2, com.skillvibe.tutoring.security.JwtAuthenticationFilter@f5a7226, org.springframework.security.web.savedrequest.RequestCacheAwareFilter@6a4ec62d, org.springframework.security.web.servletapi.SecurityContextHolderAwareRequestFilter@2b5a659f, org.springframework.security.web.authentication.AnonymousAuthenticationFilter@458044df, org.springframework.security.web.session.SessionManagementFilter@975f349, org.springframework.security.web.access.ExceptionTranslationFilter@43ee4942, org.springframework.security.web.access.intercept.AuthorizationFilter@6eda3ade]
2026-05-18T14:43:29.960-05:00  INFO 1060 --- [           main] o.s.b.w.embedded.tomcat.TomcatWebServer  : Tomcat started on port 8080 (http) with context path '/'
2026-05-18T14:43:29.961-05:00  INFO 1060 --- [           main] o.s.m.s.b.SimpleBrokerMessageHandler     : Starting...
2026-05-18T14:43:29.961-05:00  INFO 1060 --- [           main] o.s.m.s.b.SimpleBrokerMessageHandler     : BrokerAvailabilityEvent[available=true, SimpleBrokerMessageHandler [org.springframework.messaging.simp.broker.DefaultSubscriptionRegistry@3dad8926]]
2026-05-18T14:43:29.962-05:00  INFO 1060 --- [           main] o.s.m.s.b.SimpleBrokerMessageHandler     : Started.
2026-05-18T14:43:29.973-05:00  INFO 1060 --- [           main] c.s.tutoring.TutoringApplication         : Started TutoringApplication in 7.424 seconds (process running for 7.926)
2026-05-18T14:43:30.095-05:00 DEBUG 1060 --- [           main] org.hibernate.SQL                        : select u1_0.id,u1_0.balance,u1_0.created_at,u1_0.email,u1_0.email_verified,u1_0.full_name,u1_0.password,u1_0.password_reset_token,u1_0.password_reset_token_expiry,u1_0.role,u1_0.updated_at,u1_0.verification_token,u1_0.verification_token_expiry from users u1_0 where u1_0.email=?
Hibernate: select u1_0.id,u1_0.balance,u1_0.created_at,u1_0.email,u1_0.email_verified,u1_0.full_name,u1_0.password,u1_0.password_reset_token,u1_0.password_reset_token_expiry,u1_0.role,u1_0.updated_at,u1_0.verification_token,u1_0.verification_token_expiry from users u1_0 where u1_0.email=?
2026-05-18T14:43:30.215-05:00 DEBUG 1060 --- [           main] org.hibernate.SQL                        : insert into users (balance,created_at,email,email_verified,full_name,password,password_reset_token,password_reset_token_expiry,role,updated_at,verification_token,verification_token_expiry,id) values (?,?,?,?,?,?,?,?,?,?,?,?,default)
Hibernate: insert into users (balance,created_at,email,email_verified,full_name,password,password_reset_token,password_reset_token_expiry,role,updated_at,verification_token,verification_token_expiry,id) values (?,?,?,?,?,?,?,?,?,?,?,?,default)
2026-05-18T14:43:30.242-05:00  INFO 1060 --- [           main] c.s.tutoring.config.DataInitializer      : Usuario administrador por defecto creado: admin@skillvibe.com
2026-05-18T14:44:25.325-05:00  INFO 1060 --- [nio-8080-exec-1] o.a.c.c.C.[Tomcat].[localhost].[/]       : Initializing Spring DispatcherServlet 'dispatcherServlet'
2026-05-18T14:44:25.326-05:00  INFO 1060 --- [nio-8080-exec-1] o.s.web.servlet.DispatcherServlet        : Initializing Servlet 'dispatcherServlet'
2026-05-18T14:44:25.338-05:00  INFO 1060 --- [nio-8080-exec-1] o.s.web.servlet.DispatcherServlet        : Completed initialization in 8 ms
2026-05-18T14:44:25.766-05:00 DEBUG 1060 --- [nio-8080-exec-1] org.hibernate.SQL                        : select u1_0.id,u1_0.balance,u1_0.created_at,u1_0.email,u1_0.email_verified,u1_0.full_name,u1_0.password,u1_0.password_reset_token,u1_0.password_reset_token_expiry,u1_0.role,u1_0.updated_at,u1_0.verification_token,u1_0.verification_token_expiry from users u1_0 where u1_0.email=?
Hibernate: select u1_0.id,u1_0.balance,u1_0.created_at,u1_0.email,u1_0.email_verified,u1_0.full_name,u1_0.password,u1_0.password_reset_token,u1_0.password_reset_token_expiry,u1_0.role,u1_0.updated_at,u1_0.verification_token,u1_0.verification_token_expiry from users u1_0 where u1_0.email=?
2026-05-18T14:44:25.847-05:00 DEBUG 1060 --- [nio-8080-exec-1] org.hibernate.SQL                        : insert into users (balance,created_at,email,email_verified,full_name,password,password_reset_token,password_reset_token_expiry,role,updated_at,verification_token,verification_token_expiry,id) values (?,?,?,?,?,?,?,?,?,?,?,?,default)
Hibernate: insert into users (balance,created_at,email,email_verified,full_name,password,password_reset_token,password_reset_token_expiry,role,updated_at,verification_token,verification_token_expiry,id) values (?,?,?,?,?,?,?,?,?,?,?,?,default)
2026-05-18T14:44:25.858-05:00  INFO 1060 --- [nio-8080-exec-1] .s.a.AnnotationAsyncExecutionInterceptor : More than one TaskExecutor bean found within the context, and none is named 'taskExecutor'. Mark one of them as primary or name it 'taskExecutor' (possibly as an alias) in order to use it for async processing: [clientInboundChannelExecutor, clientOutboundChannelExecutor, brokerChannelExecutor]
2026-05-18T14:44:25.864-05:00  INFO 1060 --- [cTaskExecutor-1] c.s.tutoring.service.EmailService        : ==================================================
2026-05-18T14:44:25.864-05:00  INFO 1060 --- [cTaskExecutor-1] c.s.tutoring.service.EmailService        : ENLACE DE VERIFICACION PARA miguelsantacruz065@gmail.com: http://localhost:5173/verify-email?token=4c0cc91dfd734ba0a9f66c9667a0b15e
2026-05-18T14:44:25.864-05:00  INFO 1060 --- [cTaskExecutor-1] c.s.tutoring.service.EmailService        : ==================================================
ENLACE DE VERIFICACION: http://localhost:5173/verify-email?token=4c0cc91dfd734ba0a9f66c9667a0b15e
2026-05-18T14:44:25.980-05:00 DEBUG 1060 --- [nio-8080-exec-4] org.hibernate.SQL                        : select u1_0.id,u1_0.balance,u1_0.created_at,u1_0.email,u1_0.email_verified,u1_0.full_name,u1_0.password,u1_0.password_reset_token,u1_0.password_reset_token_expiry,u1_0.role,u1_0.updated_at,u1_0.verification_token,u1_0.verification_token_expiry from users u1_0 where u1_0.email=?
Hibernate: select u1_0.id,u1_0.balance,u1_0.created_at,u1_0.email,u1_0.email_verified,u1_0.full_name,u1_0.password,u1_0.password_reset_token,u1_0.password_reset_token_expiry,u1_0.role,u1_0.updated_at,u1_0.verification_token,u1_0.verification_token_expiry from users u1_0 where u1_0.email=?
2026-05-18T14:44:26.075-05:00  WARN 1060 --- [nio-8080-exec-4] c.s.t.exception.GlobalExceptionHandler   : Authentication failed: Debes verificar tu correo antes de iniciar sesión. Revisa tu bandeja de entrada.
2026-05-18T14:44:27.454-05:00 ERROR 1060 --- [cTaskExecutor-1] c.s.tutoring.service.EmailService        : Error enviando email a miguelsantacruz065@gmail.com: Authentication failed
2026-05-18T14:44:29.938-05:00  INFO 1060 --- [MessageBroker-1] o.s.w.s.c.WebSocketMessageBrokerStats    : WebSocketSession[0 current WS(0)-HttpStream(0)-HttpPoll(0), 0 total, 0 closed abnormally (0 connect failure, 0 send limit, 0 transport error)], stompSubProtocol[processed CONNECT(0)-CONNECTED(0)-DISCONNECT(0)], stompBrokerRelay[null], inboundChannel[pool size = 0, active threads = 0, queued tasks = 0, completed tasks = 0], outboundChannel[pool size = 0, active threads = 0, queued tasks = 0, completed tasks = 0], sockJsScheduler[pool size = 1, active threads = 1, queued tasks = 0, completed tasks = 0]
2026-05-18T14:44:57.709-05:00 DEBUG 1060 --- [nio-8080-exec-5] org.hibernate.SQL                        : select u1_0.id,u1_0.balance,u1_0.created_at,u1_0.email,u1_0.email_verified,u1_0.full_name,u1_0.password,u1_0.password_reset_token,u1_0.password_reset_token_expiry,u1_0.role,u1_0.updated_at,u1_0.verification_token,u1_0.verification_token_expiry from users u1_0 where u1_0.email=?
Hibernate: select u1_0.id,u1_0.balance,u1_0.created_at,u1_0.email,u1_0.email_verified,u1_0.full_name,u1_0.password,u1_0.password_reset_token,u1_0.password_reset_token_expiry,u1_0.role,u1_0.updated_at,u1_0.verification_token,u1_0.verification_token_expiry from users u1_0 where u1_0.email=?
2026-05-18T14:44:57.787-05:00  WARN 1060 --- [nio-8080-exec-5] c.s.t.exception.GlobalExceptionHandler   : Authentication failed: Debes verificar tu correo antes de iniciar sesión. Revisa tu bandeja de entrada.
2026-05-18T14:44:58.469-05:00 DEBUG 1060 --- [nio-8080-exec-2] org.hibernate.SQL                        : select u1_0.id,u1_0.balance,u1_0.created_at,u1_0.email,u1_0.email_verified,u1_0.full_name,u1_0.password,u1_0.password_reset_token,u1_0.password_reset_token_expiry,u1_0.role,u1_0.updated_at,u1_0.verification_token,u1_0.verification_token_expiry from users u1_0 where u1_0.verification_token=?
Hibernate: select u1_0.id,u1_0.balance,u1_0.created_at,u1_0.email,u1_0.email_verified,u1_0.full_name,u1_0.password,u1_0.password_reset_token,u1_0.password_reset_token_expiry,u1_0.role,u1_0.updated_at,u1_0.verification_token,u1_0.verification_token_expiry from users u1_0 where u1_0.verification_token=?
2026-05-18T14:44:58.475-05:00  INFO 1060 --- [nio-8080-exec-2] c.s.tutoring.service.UserService         : Correo verificado para: miguelsantacruz065@gmail.com
2026-05-18T14:44:58.486-05:00 DEBUG 1060 --- [nio-8080-exec-2] org.hibernate.SQL                        : update users set balance=?,email=?,email_verified=?,full_name=?,password=?,password_reset_token=?,password_reset_token_expiry=?,role=?,updated_at=?,verification_token=?,verification_token_expiry=? where id=?
Hibernate: update users set balance=?,email=?,email_verified=?,full_name=?,password=?,password_reset_token=?,password_reset_token_expiry=?,role=?,updated_at=?,verification_token=?,verification_token_expiry=? where id=?
2026-05-18T14:44:58.511-05:00 DEBUG 1060 --- [nio-8080-exec-6] org.hibernate.SQL                        : select u1_0.id,u1_0.balance,u1_0.created_at,u1_0.email,u1_0.email_verified,u1_0.full_name,u1_0.password,u1_0.password_reset_token,u1_0.password_reset_token_expiry,u1_0.role,u1_0.updated_at,u1_0.verification_token,u1_0.verification_token_expiry from users u1_0 where u1_0.verification_token=?
Hibernate: select u1_0.id,u1_0.balance,u1_0.created_at,u1_0.email,u1_0.email_verified,u1_0.full_name,u1_0.password,u1_0.password_reset_token,u1_0.password_reset_token_expiry,u1_0.role,u1_0.updated_at,u1_0.verification_token,u1_0.verification_token_expiry from users u1_0 where u1_0.verification_token=?
2026-05-18T14:44:58.517-05:00  WARN 1060 --- [nio-8080-exec-6] c.s.t.exception.GlobalExceptionHandler   : Business logic error: Token de verificación inválido o expirado
2026-05-18T14:45:17.002-05:00 DEBUG 1060 --- [nio-8080-exec-3] org.hibernate.SQL                        : select u1_0.id,u1_0.balance,u1_0.created_at,u1_0.email,u1_0.email_verified,u1_0.full_name,u1_0.password,u1_0.password_reset_token,u1_0.password_reset_token_expiry,u1_0.role,u1_0.updated_at,u1_0.verification_token,u1_0.verification_token_expiry from users u1_0 where u1_0.email=?
Hibernate: select u1_0.id,u1_0.balance,u1_0.created_at,u1_0.email,u1_0.email_verified,u1_0.full_name,u1_0.password,u1_0.password_reset_token,u1_0.password_reset_token_expiry,u1_0.role,u1_0.updated_at,u1_0.verification_token,u1_0.verification_token_expiry from users u1_0 where u1_0.email=?
2026-05-18T14:45:17.789-05:00 DEBUG 1060 --- [nio-8080-exec-9] org.hibernate.SQL                        : select tc1_0.id,tc1_0.created_at,tc1_0.description,tc1_0.fecha_hora,tc1_0.meeting_link,tc1_0.price,tc1_0.status,tc1_0.estudiante_id,tc1_0.subject,tc1_0.tutor_id,tc1_0.updated_at from tutoring_classes tc1_0 where tc1_0.tutor_id=?
Hibernate: select tc1_0.id,tc1_0.created_at,tc1_0.description,tc1_0.fecha_hora,tc1_0.meeting_link,tc1_0.price,tc1_0.status,tc1_0.estudiante_id,tc1_0.subject,tc1_0.tutor_id,tc1_0.updated_at from tutoring_classes tc1_0 where tc1_0.tutor_id=?
2026-05-18T14:45:17.794-05:00 DEBUG 1060 --- [nio-8080-exec-7] org.hibernate.SQL                        : select n1_0.id,n1_0.created_at,n1_0.is_read,n1_0.message,n1_0.type,n1_0.user_id from notifications n1_0 where n1_0.user_id=? and not(n1_0.is_read) order by n1_0.created_at desc
Hibernate: select n1_0.id,n1_0.created_at,n1_0.is_read,n1_0.message,n1_0.type,n1_0.user_id from notifications n1_0 where n1_0.user_id=? and not(n1_0.is_read) order by n1_0.created_at desc
2026-05-18T14:45:17.800-05:00 DEBUG 1060 --- [nio-8080-exec-9] org.hibernate.SQL                        : select tc1_0.id,tc1_0.created_at,tc1_0.description,tc1_0.fecha_hora,tc1_0.meeting_link,tc1_0.price,tc1_0.status,tc1_0.estudiante_id,tc1_0.subject,tc1_0.tutor_id,tc1_0.updated_at from tutoring_classes tc1_0 where tc1_0.estudiante_id=?
Hibernate: select tc1_0.id,tc1_0.created_at,tc1_0.description,tc1_0.fecha_hora,tc1_0.meeting_link,tc1_0.price,tc1_0.status,tc1_0.estudiante_id,tc1_0.subject,tc1_0.tutor_id,tc1_0.updated_at from tutoring_classes tc1_0 where tc1_0.estudiante_id=?
2026-05-18T14:45:17.836-05:00 DEBUG 1060 --- [nio-8080-exec-1] org.hibernate.SQL                        : select tc1_0.id,tc1_0.created_at,tc1_0.description,tc1_0.fecha_hora,tc1_0.meeting_link,tc1_0.price,tc1_0.status,tc1_0.estudiante_id,tc1_0.subject,tc1_0.tutor_id,tc1_0.updated_at from tutoring_classes tc1_0 where tc1_0.tutor_id=?
Hibernate: select tc1_0.id,tc1_0.created_at,tc1_0.description,tc1_0.fecha_hora,tc1_0.meeting_link,tc1_0.price,tc1_0.status,tc1_0.estudiante_id,tc1_0.subject,tc1_0.tutor_id,tc1_0.updated_at from tutoring_classes tc1_0 where tc1_0.tutor_id=?
2026-05-18T14:45:17.842-05:00 DEBUG 1060 --- [nio-8080-exec-1] org.hibernate.SQL                        : select tc1_0.id,tc1_0.created_at,tc1_0.description,tc1_0.fecha_hora,tc1_0.meeting_link,tc1_0.price,tc1_0.status,tc1_0.estudiante_id,tc1_0.subject,tc1_0.tutor_id,tc1_0.updated_at from tutoring_classes tc1_0 where tc1_0.estudiante_id=?
Hibernate: select tc1_0.id,tc1_0.created_at,tc1_0.description,tc1_0.fecha_hora,tc1_0.meeting_link,tc1_0.price,tc1_0.status,tc1_0.estudiante_id,tc1_0.subject,tc1_0.tutor_id,tc1_0.updated_at from tutoring_classes tc1_0 where tc1_0.estudiante_id=?
2026-05-18T14:45:17.911-05:00  INFO 1060 --- [io-8080-exec-10] c.s.t.config.WebSocketAuthInterceptor    : WebSocket CONNECT autenticado: userId=2
2026-05-18T14:45:30.154-05:00 DEBUG 1060 --- [nio-8080-exec-6] org.hibernate.SQL                        : select n1_0.id,n1_0.created_at,n1_0.is_read,n1_0.message,n1_0.type,n1_0.user_id from notifications n1_0 where n1_0.user_id=? and not(n1_0.is_read) order by n1_0.created_at desc
Hibernate: select n1_0.id,n1_0.created_at,n1_0.is_read,n1_0.message,n1_0.type,n1_0.user_id from notifications n1_0 where n1_0.user_id=? and not(n1_0.is_read) order by n1_0.created_at desc
2026-05-18T14:45:30.177-05:00 DEBUG 1060 --- [nio-8080-exec-7] org.hibernate.SQL                        : select n1_0.id,n1_0.created_at,n1_0.is_read,n1_0.message,n1_0.type,n1_0.user_id from notifications n1_0 where n1_0.user_id=? and not(n1_0.is_read) order by n1_0.created_at desc
Hibernate: select n1_0.id,n1_0.created_at,n1_0.is_read,n1_0.message,n1_0.type,n1_0.user_id from notifications n1_0 where n1_0.user_id=? and not(n1_0.is_read) order by n1_0.created_at desc
2026-05-18T14:45:30.300-05:00  INFO 1060 --- [io-8080-exec-10] c.s.t.config.WebSocketAuthInterceptor    : WebSocket CONNECT autenticado: userId=2
2026-05-18T14:45:32.343-05:00  WARN 1060 --- [nio-8080-exec-7] c.s.t.config.WebSocketAuthInterceptor    : WebSocket CONNECT rechazado: token inválido
2026-05-18T14:45:32.641-05:00  WARN 1060 --- [nio-8080-exec-8] c.s.t.config.WebSocketAuthInterceptor    : WebSocket CONNECT rechazado: token inválido
2026-05-18T14:46:10.341-05:00 DEBUG 1060 --- [nio-8080-exec-2] org.hibernate.SQL                        : select u1_0.id,u1_0.balance,u1_0.created_at,u1_0.email,u1_0.email_verified,u1_0.full_name,u1_0.password,u1_0.password_reset_token,u1_0.password_reset_token_expiry,u1_0.role,u1_0.updated_at,u1_0.verification_token,u1_0.verification_token_expiry from users u1_0 where u1_0.email=?
Hibernate: select u1_0.id,u1_0.balance,u1_0.created_at,u1_0.email,u1_0.email_verified,u1_0.full_name,u1_0.password,u1_0.password_reset_token,u1_0.password_reset_token_expiry,u1_0.role,u1_0.updated_at,u1_0.verification_token,u1_0.verification_token_expiry from users u1_0 where u1_0.email=?
2026-05-18T14:46:10.430-05:00 DEBUG 1060 --- [nio-8080-exec-2] org.hibernate.SQL                        : insert into users (balance,created_at,email,email_verified,full_name,password,password_reset_token,password_reset_token_expiry,role,updated_at,verification_token,verification_token_expiry,id) values (?,?,?,?,?,?,?,?,?,?,?,?,default)
Hibernate: insert into users (balance,created_at,email,email_verified,full_name,password,password_reset_token,password_reset_token_expiry,role,updated_at,verification_token,verification_token_expiry,id) values (?,?,?,?,?,?,?,?,?,?,?,?,default)
2026-05-18T14:46:10.432-05:00  INFO 1060 --- [cTaskExecutor-2] c.s.tutoring.service.EmailService        : ==================================================
2026-05-18T14:46:10.432-05:00  INFO 1060 --- [cTaskExecutor-2] c.s.tutoring.service.EmailService        : ENLACE DE VERIFICACION PARA test_verification_student@gmail.com: http://localhost:5173/verify-email?token=ea07f173e4f74d948bab1f87d457f092
2026-05-18T14:46:10.432-05:00  INFO 1060 --- [cTaskExecutor-2] c.s.tutoring.service.EmailService        : ==================================================
ENLACE DE VERIFICACION: http://localhost:5173/verify-email?token=ea07f173e4f74d948bab1f87d457f092
2026-05-18T14:46:10.452-05:00 DEBUG 1060 --- [nio-8080-exec-6] org.hibernate.SQL                        : select u1_0.id,u1_0.balance,u1_0.created_at,u1_0.email,u1_0.email_verified,u1_0.full_name,u1_0.password,u1_0.password_reset_token,u1_0.password_reset_token_expiry,u1_0.role,u1_0.updated_at,u1_0.verification_token,u1_0.verification_token_expiry from users u1_0 where u1_0.email=?
Hibernate: select u1_0.id,u1_0.balance,u1_0.created_at,u1_0.email,u1_0.email_verified,u1_0.full_name,u1_0.password,u1_0.password_reset_token,u1_0.password_reset_token_expiry,u1_0.role,u1_0.updated_at,u1_0.verification_token,u1_0.verification_token_expiry from users u1_0 where u1_0.email=?
2026-05-18T14:46:10.530-05:00  WARN 1060 --- [nio-8080-exec-6] c.s.t.exception.GlobalExceptionHandler   : Authentication failed: Debes verificar tu correo antes de iniciar sesión. Revisa tu bandeja de entrada.
2026-05-18T14:46:11.128-05:00 ERROR 1060 --- [cTaskExecutor-2] c.s.tutoring.service.EmailService        : Error enviando email a test_verification_student@gmail.com: Authentication failed
2026-05-18T14:46:42.854-05:00 DEBUG 1060 --- [nio-8080-exec-1] org.hibernate.SQL                        : select u1_0.id,u1_0.balance,u1_0.created_at,u1_0.email,u1_0.email_verified,u1_0.full_name,u1_0.password,u1_0.password_reset_token,u1_0.password_reset_token_expiry,u1_0.role,u1_0.updated_at,u1_0.verification_token,u1_0.verification_token_expiry from users u1_0 where u1_0.email=?
Hibernate: select u1_0.id,u1_0.balance,u1_0.created_at,u1_0.email,u1_0.email_verified,u1_0.full_name,u1_0.password,u1_0.password_reset_token,u1_0.password_reset_token_expiry,u1_0.role,u1_0.updated_at,u1_0.verification_token,u1_0.verification_token_expiry from users u1_0 where u1_0.email=?
2026-05-18T14:46:42.936-05:00  WARN 1060 --- [nio-8080-exec-1] c.s.t.exception.GlobalExceptionHandler   : Authentication failed: Debes verificar tu correo antes de iniciar sesión. Revisa tu bandeja de entrada.
2026-05-18T14:47:11.475-05:00 DEBUG 1060 --- [io-8080-exec-10] org.hibernate.SQL                        : select u1_0.id,u1_0.balance,u1_0.created_at,u1_0.email,u1_0.email_verified,u1_0.full_name,u1_0.password,u1_0.password_reset_token,u1_0.password_reset_token_expiry,u1_0.role,u1_0.updated_at,u1_0.verification_token,u1_0.verification_token_expiry from users u1_0 where u1_0.email=?
Hibernate: select u1_0.id,u1_0.balance,u1_0.created_at,u1_0.email,u1_0.email_verified,u1_0.full_name,u1_0.password,u1_0.password_reset_token,u1_0.password_reset_token_expiry,u1_0.role,u1_0.updated_at,u1_0.verification_token,u1_0.verification_token_expiry from users u1_0 where u1_0.email=?
2026-05-18T14:47:11.560-05:00  WARN 1060 --- [io-8080-exec-10] c.s.t.exception.GlobalExceptionHandler   : Authentication failed: Debes verificar tu correo antes de iniciar sesión. Revisa tu bandeja de entrada.
2026-05-18T14:47:27.528-05:00 DEBUG 1060 --- [nio-8080-exec-5] org.hibernate.SQL                        : select u1_0.id,u1_0.balance,u1_0.created_at,u1_0.email,u1_0.email_verified,u1_0.full_name,u1_0.password,u1_0.password_reset_token,u1_0.password_reset_token_expiry,u1_0.role,u1_0.updated_at,u1_0.verification_token,u1_0.verification_token_expiry from users u1_0 where u1_0.verification_token=?
Hibernate: select u1_0.id,u1_0.balance,u1_0.created_at,u1_0.email,u1_0.email_verified,u1_0.full_name,u1_0.password,u1_0.password_reset_token,u1_0.password_reset_token_expiry,u1_0.role,u1_0.updated_at,u1_0.verification_token,u1_0.verification_token_expiry from users u1_0 where u1_0.verification_token=?
2026-05-18T14:47:27.530-05:00  WARN 1060 --- [nio-8080-exec-5] c.s.t.exception.GlobalExceptionHandler   : Business logic error: Token de verificación inválido o expirado
2026-05-18T14:47:27.546-05:00 DEBUG 1060 --- [nio-8080-exec-2] org.hibernate.SQL                        : select u1_0.id,u1_0.balance,u1_0.created_at,u1_0.email,u1_0.email_verified,u1_0.full_name,u1_0.password,u1_0.password_reset_token,u1_0.password_reset_token_expiry,u1_0.role,u1_0.updated_at,u1_0.verification_token,u1_0.verification_token_expiry from users u1_0 where u1_0.verification_token=?
Hibernate: select u1_0.id,u1_0.balance,u1_0.created_at,u1_0.email,u1_0.email_verified,u1_0.full_name,u1_0.password,u1_0.password_reset_token,u1_0.password_reset_token_expiry,u1_0.role,u1_0.updated_at,u1_0.verification_token,u1_0.verification_token_expiry from users u1_0 where u1_0.verification_token=?
2026-05-18T14:47:27.548-05:00  WARN 1060 --- [nio-8080-exec-2] c.s.t.exception.GlobalExceptionHandler   : Business logic error: Token de verificación inválido o expirado
2026-05-18T14:47:37.237-05:00 DEBUG 1060 --- [nio-8080-exec-6] org.hibernate.SQL                        : select u1_0.id,u1_0.balance,u1_0.created_at,u1_0.email,u1_0.email_verified,u1_0.full_name,u1_0.password,u1_0.password_reset_token,u1_0.password_reset_token_expiry,u1_0.role,u1_0.updated_at,u1_0.verification_token,u1_0.verification_token_expiry from users u1_0 where u1_0.email=?
Hibernate: select u1_0.id,u1_0.balance,u1_0.created_at,u1_0.email,u1_0.email_verified,u1_0.full_name,u1_0.password,u1_0.password_reset_token,u1_0.password_reset_token_expiry,u1_0.role,u1_0.updated_at,u1_0.verification_token,u1_0.verification_token_expiry from users u1_0 where u1_0.email=?
2026-05-18T14:47:37.368-05:00 DEBUG 1060 --- [nio-8080-exec-8] org.hibernate.SQL                        : select n1_0.id,n1_0.created_at,n1_0.is_read,n1_0.message,n1_0.type,n1_0.user_id from notifications n1_0 where n1_0.user_id=? and not(n1_0.is_read) order by n1_0.created_at desc
Hibernate: select n1_0.id,n1_0.created_at,n1_0.is_read,n1_0.message,n1_0.type,n1_0.user_id from notifications n1_0 where n1_0.user_id=? and not(n1_0.is_read) order by n1_0.created_at desc
2026-05-18T14:47:37.422-05:00  INFO 1060 --- [nio-8080-exec-4] c.s.t.config.WebSocketAuthInterceptor    : WebSocket CONNECT autenticado: userId=2
2026-05-18T14:47:37.430-05:00 DEBUG 1060 --- [nio-8080-exec-7] org.hibernate.SQL                        : select tc1_0.id,tc1_0.created_at,tc1_0.description,tc1_0.fecha_hora,tc1_0.meeting_link,tc1_0.price,tc1_0.status,tc1_0.estudiante_id,tc1_0.subject,tc1_0.tutor_id,tc1_0.updated_at from tutoring_classes tc1_0 where tc1_0.tutor_id=?
Hibernate: select tc1_0.id,tc1_0.created_at,tc1_0.description,tc1_0.fecha_hora,tc1_0.meeting_link,tc1_0.price,tc1_0.status,tc1_0.estudiante_id,tc1_0.subject,tc1_0.tutor_id,tc1_0.updated_at from tutoring_classes tc1_0 where tc1_0.tutor_id=?
2026-05-18T14:47:37.435-05:00 DEBUG 1060 --- [nio-8080-exec-7] org.hibernate.SQL                        : select tc1_0.id,tc1_0.created_at,tc1_0.description,tc1_0.fecha_hora,tc1_0.meeting_link,tc1_0.price,tc1_0.status,tc1_0.estudiante_id,tc1_0.subject,tc1_0.tutor_id,tc1_0.updated_at from tutoring_classes tc1_0 where tc1_0.estudiante_id=?
Hibernate: select tc1_0.id,tc1_0.created_at,tc1_0.description,tc1_0.fecha_hora,tc1_0.meeting_link,tc1_0.price,tc1_0.status,tc1_0.estudiante_id,tc1_0.subject,tc1_0.tutor_id,tc1_0.updated_at from tutoring_classes tc1_0 where tc1_0.estudiante_id=?
2026-05-18T14:47:37.453-05:00 DEBUG 1060 --- [nio-8080-exec-1] org.hibernate.SQL                        : select tc1_0.id,tc1_0.created_at,tc1_0.description,tc1_0.fecha_hora,tc1_0.meeting_link,tc1_0.price,tc1_0.status,tc1_0.estudiante_id,tc1_0.subject,tc1_0.tutor_id,tc1_0.updated_at from tutoring_classes tc1_0 where tc1_0.tutor_id=?
Hibernate: select tc1_0.id,tc1_0.created_at,tc1_0.description,tc1_0.fecha_hora,tc1_0.meeting_link,tc1_0.price,tc1_0.status,tc1_0.estudiante_id,tc1_0.subject,tc1_0.tutor_id,tc1_0.updated_at from tutoring_classes tc1_0 where tc1_0.tutor_id=?
2026-05-18T14:47:37.458-05:00 DEBUG 1060 --- [nio-8080-exec-1] org.hibernate.SQL                        : select tc1_0.id,tc1_0.created_at,tc1_0.description,tc1_0.fecha_hora,tc1_0.meeting_link,tc1_0.price,tc1_0.status,tc1_0.estudiante_id,tc1_0.subject,tc1_0.tutor_id,tc1_0.updated_at from tutoring_classes tc1_0 where tc1_0.estudiante_id=?
Hibernate: select tc1_0.id,tc1_0.created_at,tc1_0.description,tc1_0.fecha_hora,tc1_0.meeting_link,tc1_0.price,tc1_0.status,tc1_0.estudiante_id,tc1_0.subject,tc1_0.tutor_id,tc1_0.updated_at from tutoring_classes tc1_0 where tc1_0.estudiante_id=?
2026-05-18T15:01:19.791-05:00 DEBUG 1060 --- [nio-8080-exec-2] org.hibernate.SQL                        : select n1_0.id,n1_0.created_at,n1_0.is_read,n1_0.message,n1_0.type,n1_0.user_id from notifications n1_0 where n1_0.user_id=? and not(n1_0.is_read) order by n1_0.created_at desc
Hibernate: select n1_0.id,n1_0.created_at,n1_0.is_read,n1_0.message,n1_0.type,n1_0.user_id from notifications n1_0 where n1_0.user_id=? and not(n1_0.is_read) order by n1_0.created_at desc
2026-05-18T15:01:19.834-05:00 DEBUG 1060 --- [nio-8080-exec-3] org.hibernate.SQL                        : select n1_0.id,n1_0.created_at,n1_0.is_read,n1_0.message,n1_0.type,n1_0.user_id from notifications n1_0 where n1_0.user_id=? and not(n1_0.is_read) order by n1_0.created_at desc
Hibernate: select n1_0.id,n1_0.created_at,n1_0.is_read,n1_0.message,n1_0.type,n1_0.user_id from notifications n1_0 where n1_0.user_id=? and not(n1_0.is_read) order by n1_0.created_at desc
2026-05-18T15:01:19.887-05:00  INFO 1060 --- [nio-8080-exec-4] c.s.t.config.WebSocketAuthInterceptor    : WebSocket CONNECT autenticado: userId=2
2026-05-18T15:01:47.853-05:00 DEBUG 1060 --- [io-8080-exec-10] org.hibernate.SQL                        : select u1_0.id,u1_0.balance,u1_0.created_at,u1_0.email,u1_0.email_verified,u1_0.full_name,u1_0.password,u1_0.password_reset_token,u1_0.password_reset_token_expiry,u1_0.role,u1_0.updated_at,u1_0.verification_token,u1_0.verification_token_expiry from users u1_0 where u1_0.email=?
Hibernate: select u1_0.id,u1_0.balance,u1_0.created_at,u1_0.email,u1_0.email_verified,u1_0.full_name,u1_0.password,u1_0.password_reset_token,u1_0.password_reset_token_expiry,u1_0.role,u1_0.updated_at,u1_0.verification_token,u1_0.verification_token_expiry from users u1_0 where u1_0.email=?
2026-05-18T15:01:47.858-05:00  INFO 1060 --- [io-8080-exec-10] c.s.tutoring.service.UserService         : Token de reset enviado a: miguelsantacruz065@gmail.com
2026-05-18T15:01:47.860-05:00  INFO 1060 --- [cTaskExecutor-3] c.s.tutoring.service.EmailService        : ==================================================
2026-05-18T15:01:47.860-05:00  INFO 1060 --- [cTaskExecutor-3] c.s.tutoring.service.EmailService        : ENLACE DE RECUPERACION PARA miguelsantacruz065@gmail.com: http://localhost:5173/reset-password?token=db0dab6f61c947b184285a3cddc044d6
2026-05-18T15:01:47.861-05:00  INFO 1060 --- [cTaskExecutor-3] c.s.tutoring.service.EmailService        : ==================================================
2026-05-18T15:01:47.861-05:00 DEBUG 1060 --- [io-8080-exec-10] org.hibernate.SQL                        : update users set balance=?,email=?,email_verified=?,full_name=?,password=?,password_reset_token=?,password_reset_token_expiry=?,role=?,updated_at=?,verification_token=?,verification_token_expiry=? where id=?
Hibernate: update users set balance=?,email=?,email_verified=?,full_name=?,password=?,password_reset_token=?,password_reset_token_expiry=?,role=?,updated_at=?,verification_token=?,verification_token_expiry=? where id=?
ENLACE DE RECUPERACION: http://localhost:5173/reset-password?token=db0dab6f61c947b184285a3cddc044d6
2026-05-18T15:01:48.613-05:00 ERROR 1060 --- [cTaskExecutor-3] c.s.tutoring.service.EmailService        : Error enviando email a miguelsantacruz065@gmail.com: Authentication failed
2026-05-18T15:02:28.065-05:00 DEBUG 1060 --- [nio-8080-exec-9] org.hibernate.SQL                        : select n1_0.id,n1_0.created_at,n1_0.is_read,n1_0.message,n1_0.type,n1_0.user_id from notifications n1_0 where n1_0.user_id=? and not(n1_0.is_read) order by n1_0.created_at desc
Hibernate: select n1_0.id,n1_0.created_at,n1_0.is_read,n1_0.message,n1_0.type,n1_0.user_id from notifications n1_0 where n1_0.user_id=? and not(n1_0.is_read) order by n1_0.created_at desc
2026-05-18T15:02:28.148-05:00 DEBUG 1060 --- [nio-8080-exec-1] org.hibernate.SQL                        : select n1_0.id,n1_0.created_at,n1_0.is_read,n1_0.message,n1_0.type,n1_0.user_id from notifications n1_0 where n1_0.user_id=? and not(n1_0.is_read) order by n1_0.created_at desc
Hibernate: select n1_0.id,n1_0.created_at,n1_0.is_read,n1_0.message,n1_0.type,n1_0.user_id from notifications n1_0 where n1_0.user_id=? and not(n1_0.is_read) order by n1_0.created_at desc
2026-05-18T15:02:28.180-05:00  INFO 1060 --- [nio-8080-exec-2] c.s.t.config.WebSocketAuthInterceptor    : WebSocket CONNECT autenticado: userId=2
2026-05-18T15:02:54.772-05:00 DEBUG 1060 --- [nio-8080-exec-8] org.hibernate.SQL                        : select u1_0.id,u1_0.balance,u1_0.created_at,u1_0.email,u1_0.email_verified,u1_0.full_name,u1_0.password,u1_0.password_reset_token,u1_0.password_reset_token_expiry,u1_0.role,u1_0.updated_at,u1_0.verification_token,u1_0.verification_token_expiry from users u1_0 where u1_0.password_reset_token=?
Hibernate: select u1_0.id,u1_0.balance,u1_0.created_at,u1_0.email,u1_0.email_verified,u1_0.full_name,u1_0.password,u1_0.password_reset_token,u1_0.password_reset_token_expiry,u1_0.role,u1_0.updated_at,u1_0.verification_token,u1_0.verification_token_expiry from users u1_0 where u1_0.password_reset_token=?
2026-05-18T15:02:54.861-05:00  INFO 1060 --- [nio-8080-exec-8] c.s.tutoring.service.UserService         : Contraseña restablecida para: miguelsantacruz065@gmail.com
2026-05-18T15:02:54.862-05:00 DEBUG 1060 --- [nio-8080-exec-8] org.hibernate.SQL                        : update users set balance=?,email=?,email_verified=?,full_name=?,password=?,password_reset_token=?,password_reset_token_expiry=?,role=?,updated_at=?,verification_token=?,verification_token_expiry=? where id=?
Hibernate: update users set balance=?,email=?,email_verified=?,full_name=?,password=?,password_reset_token=?,password_reset_token_expiry=?,role=?,updated_at=?,verification_token=?,verification_token_expiry=? where id=?
2026-05-18T15:03:39.523-05:00 DEBUG 1060 --- [nio-8080-exec-1] org.hibernate.SQL                        : select u1_0.id,u1_0.balance,u1_0.created_at,u1_0.email,u1_0.email_verified,u1_0.full_name,u1_0.password,u1_0.password_reset_token,u1_0.password_reset_token_expiry,u1_0.role,u1_0.updated_at,u1_0.verification_token,u1_0.verification_token_expiry from users u1_0 where u1_0.email=?
Hibernate: select u1_0.id,u1_0.balance,u1_0.created_at,u1_0.email,u1_0.email_verified,u1_0.full_name,u1_0.password,u1_0.password_reset_token,u1_0.password_reset_token_expiry,u1_0.role,u1_0.updated_at,u1_0.verification_token,u1_0.verification_token_expiry from users u1_0 where u1_0.email=?
2026-05-18T15:03:39.843-05:00 DEBUG 1060 --- [io-8080-exec-10] org.hibernate.SQL                        : select n1_0.id,n1_0.created_at,n1_0.is_read,n1_0.message,n1_0.type,n1_0.user_id from notifications n1_0 where n1_0.user_id=? and not(n1_0.is_read) order by n1_0.created_at desc
Hibernate: select n1_0.id,n1_0.created_at,n1_0.is_read,n1_0.message,n1_0.type,n1_0.user_id from notifications n1_0 where n1_0.user_id=? and not(n1_0.is_read) order by n1_0.created_at desc
2026-05-18T15:03:39.851-05:00 DEBUG 1060 --- [nio-8080-exec-5] org.hibernate.SQL                        : select tc1_0.id,tc1_0.created_at,tc1_0.description,tc1_0.fecha_hora,tc1_0.meeting_link,tc1_0.price,tc1_0.status,tc1_0.estudiante_id,tc1_0.subject,tc1_0.tutor_id,tc1_0.updated_at from tutoring_classes tc1_0 where tc1_0.tutor_id=?
Hibernate: select tc1_0.id,tc1_0.created_at,tc1_0.description,tc1_0.fecha_hora,tc1_0.meeting_link,tc1_0.price,tc1_0.status,tc1_0.estudiante_id,tc1_0.subject,tc1_0.tutor_id,tc1_0.updated_at from tutoring_classes tc1_0 where tc1_0.tutor_id=?
2026-05-18T15:03:39.854-05:00 DEBUG 1060 --- [nio-8080-exec-5] org.hibernate.SQL                        : select tc1_0.id,tc1_0.created_at,tc1_0.description,tc1_0.fecha_hora,tc1_0.meeting_link,tc1_0.price,tc1_0.status,tc1_0.estudiante_id,tc1_0.subject,tc1_0.tutor_id,tc1_0.updated_at from tutoring_classes tc1_0 where tc1_0.estudiante_id=?
Hibernate: select tc1_0.id,tc1_0.created_at,tc1_0.description,tc1_0.fecha_hora,tc1_0.meeting_link,tc1_0.price,tc1_0.status,tc1_0.estudiante_id,tc1_0.subject,tc1_0.tutor_id,tc1_0.updated_at from tutoring_classes tc1_0 where tc1_0.estudiante_id=?
2026-05-18T15:03:39.868-05:00 DEBUG 1060 --- [nio-8080-exec-8] org.hibernate.SQL                        : select tc1_0.id,tc1_0.created_at,tc1_0.description,tc1_0.fecha_hora,tc1_0.meeting_link,tc1_0.price,tc1_0.status,tc1_0.estudiante_id,tc1_0.subject,tc1_0.tutor_id,tc1_0.updated_at from tutoring_classes tc1_0 where tc1_0.tutor_id=?
Hibernate: select tc1_0.id,tc1_0.created_at,tc1_0.description,tc1_0.fecha_hora,tc1_0.meeting_link,tc1_0.price,tc1_0.status,tc1_0.estudiante_id,tc1_0.subject,tc1_0.tutor_id,tc1_0.updated_at from tutoring_classes tc1_0 where tc1_0.tutor_id=?
2026-05-18T15:03:39.871-05:00 DEBUG 1060 --- [nio-8080-exec-8] org.hibernate.SQL                        : select tc1_0.id,tc1_0.created_at,tc1_0.description,tc1_0.fecha_hora,tc1_0.meeting_link,tc1_0.price,tc1_0.status,tc1_0.estudiante_id,tc1_0.subject,tc1_0.tutor_id,tc1_0.updated_at from tutoring_classes tc1_0 where tc1_0.estudiante_id=?
Hibernate: select tc1_0.id,tc1_0.created_at,tc1_0.description,tc1_0.fecha_hora,tc1_0.meeting_link,tc1_0.price,tc1_0.status,tc1_0.estudiante_id,tc1_0.subject,tc1_0.tutor_id,tc1_0.updated_at from tutoring_classes tc1_0 where tc1_0.estudiante_id=?
2026-05-18T15:03:39.903-05:00  INFO 1060 --- [nio-8080-exec-6] o.s.w.s.m.SubProtocolWebSocketHandler    : No messages received after 71832 ms. Closing WebSocketServerSockJsSession[id=5ctmxwkh].
2026-05-18T15:03:40.018-05:00  INFO 1060 --- [nio-8080-exec-4] c.s.t.config.WebSocketAuthInterceptor    : WebSocket CONNECT autenticado: userId=2
2026-05-18T15:04:01.792-05:00 DEBUG 1060 --- [nio-8080-exec-7] org.hibernate.SQL                        : select u1_0.id,u1_0.balance,u1_0.created_at,u1_0.email,u1_0.email_verified,u1_0.full_name,u1_0.password,u1_0.password_reset_token,u1_0.password_reset_token_expiry,u1_0.role,u1_0.updated_at,u1_0.verification_token,u1_0.verification_token_expiry from users u1_0 where u1_0.email=?
Hibernate: select u1_0.id,u1_0.balance,u1_0.created_at,u1_0.email,u1_0.email_verified,u1_0.full_name,u1_0.password,u1_0.password_reset_token,u1_0.password_reset_token_expiry,u1_0.role,u1_0.updated_at,u1_0.verification_token,u1_0.verification_token_expiry from users u1_0 where u1_0.email=?
2026-05-18T15:04:01.871-05:00 DEBUG 1060 --- [nio-8080-exec-7] org.hibernate.SQL                        : insert into users (balance,created_at,email,email_verified,full_name,password,password_reset_token,password_reset_token_expiry,role,updated_at,verification_token,verification_token_expiry,id) values (?,?,?,?,?,?,?,?,?,?,?,?,default)
Hibernate: insert into users (balance,created_at,email,email_verified,full_name,password,password_reset_token,password_reset_token_expiry,role,updated_at,verification_token,verification_token_expiry,id) values (?,?,?,?,?,?,?,?,?,?,?,?,default)
2026-05-18T15:04:01.874-05:00  INFO 1060 --- [cTaskExecutor-4] c.s.tutoring.service.EmailService        : ==================================================
2026-05-18T15:04:01.875-05:00  INFO 1060 --- [cTaskExecutor-4] c.s.tutoring.service.EmailService        : ENLACE DE VERIFICACION PARA miguelsantacruz069@gmail.com: http://localhost:5173/verify-email?token=e35f92121a224e47947fe0574fcba170
2026-05-18T15:04:01.875-05:00  INFO 1060 --- [cTaskExecutor-4] c.s.tutoring.service.EmailService        : ==================================================
ENLACE DE VERIFICACION: http://localhost:5173/verify-email?token=e35f92121a224e47947fe0574fcba170
2026-05-18T15:04:01.891-05:00 DEBUG 1060 --- [nio-8080-exec-1] org.hibernate.SQL                        : select u1_0.id,u1_0.balance,u1_0.created_at,u1_0.email,u1_0.email_verified,u1_0.full_name,u1_0.password,u1_0.password_reset_token,u1_0.password_reset_token_expiry,u1_0.role,u1_0.updated_at,u1_0.verification_token,u1_0.verification_token_expiry from users u1_0 where u1_0.email=?
Hibernate: select u1_0.id,u1_0.balance,u1_0.created_at,u1_0.email,u1_0.email_verified,u1_0.full_name,u1_0.password,u1_0.password_reset_token,u1_0.password_reset_token_expiry,u1_0.role,u1_0.updated_at,u1_0.verification_token,u1_0.verification_token_expiry from users u1_0 where u1_0.email=?
2026-05-18T15:04:01.967-05:00  WARN 1060 --- [nio-8080-exec-1] c.s.t.exception.GlobalExceptionHandler   : Authentication failed: Debes verificar tu correo antes de iniciar sesión. Revisa tu bandeja de entrada.
2026-05-18T15:04:02.712-05:00 ERROR 1060 --- [cTaskExecutor-4] c.s.tutoring.service.EmailService        : Error enviando email a miguelsantacruz069@gmail.com: Authentication failed
2026-05-18T15:04:05.550-05:00 DEBUG 1060 --- [nio-8080-exec-2] org.hibernate.SQL                        : select u1_0.id,u1_0.balance,u1_0.created_at,u1_0.email,u1_0.email_verified,u1_0.full_name,u1_0.password,u1_0.password_reset_token,u1_0.password_reset_token_expiry,u1_0.role,u1_0.updated_at,u1_0.verification_token,u1_0.verification_token_expiry from users u1_0 where u1_0.email=?
Hibernate: select u1_0.id,u1_0.balance,u1_0.created_at,u1_0.email,u1_0.email_verified,u1_0.full_name,u1_0.password,u1_0.password_reset_token,u1_0.password_reset_token_expiry,u1_0.role,u1_0.updated_at,u1_0.verification_token,u1_0.verification_token_expiry from users u1_0 where u1_0.email=?
2026-05-18T15:04:05.627-05:00  WARN 1060 --- [nio-8080-exec-2] c.s.t.exception.GlobalExceptionHandler   : Authentication failed: Debes verificar tu correo antes de iniciar sesión. Revisa tu bandeja de entrada.
2026-05-18T15:04:09.721-05:00 DEBUG 1060 --- [io-8080-exec-10] org.hibernate.SQL                        : select u1_0.id,u1_0.balance,u1_0.created_at,u1_0.email,u1_0.email_verified,u1_0.full_name,u1_0.password,u1_0.password_reset_token,u1_0.password_reset_token_expiry,u1_0.role,u1_0.updated_at,u1_0.verification_token,u1_0.verification_token_expiry from users u1_0 where u1_0.email=?
Hibernate: select u1_0.id,u1_0.balance,u1_0.created_at,u1_0.email,u1_0.email_verified,u1_0.full_name,u1_0.password,u1_0.password_reset_token,u1_0.password_reset_token_expiry,u1_0.role,u1_0.updated_at,u1_0.verification_token,u1_0.verification_token_expiry from users u1_0 where u1_0.email=?
2026-05-18T15:04:09.796-05:00  WARN 1060 --- [io-8080-exec-10] c.s.t.exception.GlobalExceptionHandler   : Authentication failed: Debes verificar tu correo antes de iniciar sesión. Revisa tu bandeja de entrada.
2026-05-18T15:04:11.595-05:00 DEBUG 1060 --- [nio-8080-exec-5] org.hibernate.SQL                        : select u1_0.id,u1_0.balance,u1_0.created_at,u1_0.email,u1_0.email_verified,u1_0.full_name,u1_0.password,u1_0.password_reset_token,u1_0.password_reset_token_expiry,u1_0.role,u1_0.updated_at,u1_0.verification_token,u1_0.verification_token_expiry from users u1_0 where u1_0.email=?
Hibernate: select u1_0.id,u1_0.balance,u1_0.created_at,u1_0.email,u1_0.email_verified,u1_0.full_name,u1_0.password,u1_0.password_reset_token,u1_0.password_reset_token_expiry,u1_0.role,u1_0.updated_at,u1_0.verification_token,u1_0.verification_token_expiry from users u1_0 where u1_0.email=?
2026-05-18T15:04:11.670-05:00  WARN 1060 --- [nio-8080-exec-5] c.s.t.exception.GlobalExceptionHandler   : Authentication failed: Debes verificar tu correo antes de iniciar sesión. Revisa tu bandeja de entrada.
2026-05-18T15:04:14.603-05:00 DEBUG 1060 --- [nio-8080-exec-8] org.hibernate.SQL                        : select u1_0.id,u1_0.balance,u1_0.created_at,u1_0.email,u1_0.email_verified,u1_0.full_name,u1_0.password,u1_0.password_reset_token,u1_0.password_reset_token_expiry,u1_0.role,u1_0.updated_at,u1_0.verification_token,u1_0.verification_token_expiry from users u1_0 where u1_0.email=?
Hibernate: select u1_0.id,u1_0.balance,u1_0.created_at,u1_0.email,u1_0.email_verified,u1_0.full_name,u1_0.password,u1_0.password_reset_token,u1_0.password_reset_token_expiry,u1_0.role,u1_0.updated_at,u1_0.verification_token,u1_0.verification_token_expiry from users u1_0 where u1_0.email=?
2026-05-18T15:04:14.679-05:00  WARN 1060 --- [nio-8080-exec-8] c.s.t.exception.GlobalExceptionHandler   : Authentication failed: Debes verificar tu correo antes de iniciar sesión. Revisa tu bandeja de entrada.
2026-05-18T15:07:49.550-05:00 DEBUG 1060 --- [nio-8080-exec-6] org.hibernate.SQL                        : select u1_0.id,u1_0.balance,u1_0.created_at,u1_0.email,u1_0.email_verified,u1_0.full_name,u1_0.password,u1_0.password_reset_token,u1_0.password_reset_token_expiry,u1_0.role,u1_0.updated_at,u1_0.verification_token,u1_0.verification_token_expiry from users u1_0 where u1_0.email=?
Hibernate: select u1_0.id,u1_0.balance,u1_0.created_at,u1_0.email,u1_0.email_verified,u1_0.full_name,u1_0.password,u1_0.password_reset_token,u1_0.password_reset_token_expiry,u1_0.role,u1_0.updated_at,u1_0.verification_token,u1_0.verification_token_expiry from users u1_0 where u1_0.email=?
2026-05-18T15:07:49.627-05:00  WARN 1060 --- [nio-8080-exec-6] c.s.t.exception.GlobalExceptionHandler   : Authentication failed: Debes verificar tu correo antes de iniciar sesión. Revisa tu bandeja de entrada.
2026-05-18T15:07:51.024-05:00 DEBUG 1060 --- [nio-8080-exec-4] org.hibernate.SQL                        : select u1_0.id,u1_0.balance,u1_0.created_at,u1_0.email,u1_0.email_verified,u1_0.full_name,u1_0.password,u1_0.password_reset_token,u1_0.password_reset_token_expiry,u1_0.role,u1_0.updated_at,u1_0.verification_token,u1_0.verification_token_expiry from users u1_0 where u1_0.email=?
Hibernate: select u1_0.id,u1_0.balance,u1_0.created_at,u1_0.email,u1_0.email_verified,u1_0.full_name,u1_0.password,u1_0.password_reset_token,u1_0.password_reset_token_expiry,u1_0.role,u1_0.updated_at,u1_0.verification_token,u1_0.verification_token_expiry from users u1_0 where u1_0.email=?
2026-05-18T15:07:51.095-05:00  WARN 1060 --- [nio-8080-exec-4] c.s.t.exception.GlobalExceptionHandler   : Authentication failed: Debes verificar tu correo antes de iniciar sesión. Revisa tu bandeja de entrada.
2026-05-18T15:07:55.885-05:00 DEBUG 1060 --- [nio-8080-exec-9] org.hibernate.SQL                        : select u1_0.id,u1_0.balance,u1_0.created_at,u1_0.email,u1_0.email_verified,u1_0.full_name,u1_0.password,u1_0.password_reset_token,u1_0.password_reset_token_expiry,u1_0.role,u1_0.updated_at,u1_0.verification_token,u1_0.verification_token_expiry from users u1_0 where u1_0.email=?
Hibernate: select u1_0.id,u1_0.balance,u1_0.created_at,u1_0.email,u1_0.email_verified,u1_0.full_name,u1_0.password,u1_0.password_reset_token,u1_0.password_reset_token_expiry,u1_0.role,u1_0.updated_at,u1_0.verification_token,u1_0.verification_token_expiry from users u1_0 where u1_0.email=?
2026-05-18T15:07:56.006-05:00 DEBUG 1060 --- [nio-8080-exec-7] org.hibernate.SQL                        : select n1_0.id,n1_0.created_at,n1_0.is_read,n1_0.message,n1_0.type,n1_0.user_id from notifications n1_0 where n1_0.user_id=? and not(n1_0.is_read) order by n1_0.created_at desc
Hibernate: select n1_0.id,n1_0.created_at,n1_0.is_read,n1_0.message,n1_0.type,n1_0.user_id from notifications n1_0 where n1_0.user_id=? and not(n1_0.is_read) order by n1_0.created_at desc
2026-05-18T15:07:56.045-05:00  INFO 1060 --- [nio-8080-exec-5] c.s.t.config.WebSocketAuthInterceptor    : WebSocket CONNECT autenticado: userId=2
2026-05-18T15:07:56.048-05:00 DEBUG 1060 --- [io-8080-exec-10] org.hibernate.SQL                        : select tc1_0.id,tc1_0.created_at,tc1_0.description,tc1_0.fecha_hora,tc1_0.meeting_link,tc1_0.price,tc1_0.status,tc1_0.estudiante_id,tc1_0.subject,tc1_0.tutor_id,tc1_0.updated_at from tutoring_classes tc1_0 where tc1_0.tutor_id=?
Hibernate: select tc1_0.id,tc1_0.created_at,tc1_0.description,tc1_0.fecha_hora,tc1_0.meeting_link,tc1_0.price,tc1_0.status,tc1_0.estudiante_id,tc1_0.subject,tc1_0.tutor_id,tc1_0.updated_at from tutoring_classes tc1_0 where tc1_0.tutor_id=?
2026-05-18T15:07:56.052-05:00 DEBUG 1060 --- [io-8080-exec-10] org.hibernate.SQL                        : select tc1_0.id,tc1_0.created_at,tc1_0.description,tc1_0.fecha_hora,tc1_0.meeting_link,tc1_0.price,tc1_0.status,tc1_0.estudiante_id,tc1_0.subject,tc1_0.tutor_id,tc1_0.updated_at from tutoring_classes tc1_0 where tc1_0.estudiante_id=?
Hibernate: select tc1_0.id,tc1_0.created_at,tc1_0.description,tc1_0.fecha_hora,tc1_0.meeting_link,tc1_0.price,tc1_0.status,tc1_0.estudiante_id,tc1_0.subject,tc1_0.tutor_id,tc1_0.updated_at from tutoring_classes tc1_0 where tc1_0.estudiante_id=?
2026-05-18T15:07:56.063-05:00 DEBUG 1060 --- [nio-8080-exec-3] org.hibernate.SQL                        : select tc1_0.id,tc1_0.created_at,tc1_0.description,tc1_0.fecha_hora,tc1_0.meeting_link,tc1_0.price,tc1_0.status,tc1_0.estudiante_id,tc1_0.subject,tc1_0.tutor_id,tc1_0.updated_at from tutoring_classes tc1_0 where tc1_0.tutor_id=?
Hibernate: select tc1_0.id,tc1_0.created_at,tc1_0.description,tc1_0.fecha_hora,tc1_0.meeting_link,tc1_0.price,tc1_0.status,tc1_0.estudiante_id,tc1_0.subject,tc1_0.tutor_id,tc1_0.updated_at from tutoring_classes tc1_0 where tc1_0.tutor_id=?
2026-05-18T15:07:56.065-05:00 DEBUG 1060 --- [nio-8080-exec-3] org.hibernate.SQL                        : select tc1_0.id,tc1_0.created_at,tc1_0.description,tc1_0.fecha_hora,tc1_0.meeting_link,tc1_0.price,tc1_0.status,tc1_0.estudiante_id,tc1_0.subject,tc1_0.tutor_id,tc1_0.updated_at from tutoring_classes tc1_0 where tc1_0.estudiante_id=?
Hibernate: select tc1_0.id,tc1_0.created_at,tc1_0.description,tc1_0.fecha_hora,tc1_0.meeting_link,tc1_0.price,tc1_0.status,tc1_0.estudiante_id,tc1_0.subject,tc1_0.tutor_id,tc1_0.updated_at from tutoring_classes tc1_0 where tc1_0.estudiante_id=?
2026-05-18T15:10:07.678-05:00  INFO 1060 --- [nio-8080-exec-4] c.s.tutoring.service.TutorService        : Buscando tutores con filtros - Query: , Subject: 
2026-05-18T15:10:07.692-05:00 DEBUG 1060 --- [nio-8080-exec-4] org.hibernate.SQL                        : select tp1_0.id,tp1_0.average_rating,tp1_0.bio,tp1_0.created_at,tp1_0.credentials_url,tp1_0.degree_url,tp1_0.hourly_rate,tp1_0.identity_card_url,tp1_0.is_verified,tp1_0.profile_picture_url,tp1_0.total_reviews,tp1_0.updated_at,tp1_0.user_id,tp1_0.years_of_experience from tutor_profiles tp1_0 where tp1_0.is_verified=? offset ? rows fetch first ? rows only
Hibernate: select tp1_0.id,tp1_0.average_rating,tp1_0.bio,tp1_0.created_at,tp1_0.credentials_url,tp1_0.degree_url,tp1_0.hourly_rate,tp1_0.identity_card_url,tp1_0.is_verified,tp1_0.profile_picture_url,tp1_0.total_reviews,tp1_0.updated_at,tp1_0.user_id,tp1_0.years_of_experience from tutor_profiles tp1_0 where tp1_0.is_verified=? offset ? rows fetch first ? rows only
2026-05-18T15:10:07.709-05:00  WARN 1060 --- [nio-8080-exec-4] PageModule$PlainPageSerializationWarning : Serializing PageImpl instances as-is is not supported, meaning that there is no guarantee about the stability of the resulting JSON structure!
	For a stable JSON structure, please use Spring Data's PagedModel (globally via @EnableSpringDataWebSupport(pageSerializationMode = VIA_DTO))
	or Spring HATEOAS and Spring Data's PagedResourcesAssembler as documented in https://docs.spring.io/spring-data/commons/reference/repositories/core-extensions.html#core.web.pageables.

2026-05-18T15:10:13.239-05:00  INFO 1060 --- [nio-8080-exec-9] c.s.tutoring.service.TutorService        : Buscando tutores con filtros - Query: , Subject: 
2026-05-18T15:10:13.241-05:00 DEBUG 1060 --- [nio-8080-exec-9] org.hibernate.SQL                        : select tp1_0.id,tp1_0.average_rating,tp1_0.bio,tp1_0.created_at,tp1_0.credentials_url,tp1_0.degree_url,tp1_0.hourly_rate,tp1_0.identity_card_url,tp1_0.is_verified,tp1_0.profile_picture_url,tp1_0.total_reviews,tp1_0.updated_at,tp1_0.user_id,tp1_0.years_of_experience from tutor_profiles tp1_0 where tp1_0.is_verified=? offset ? rows fetch first ? rows only
Hibernate: select tp1_0.id,tp1_0.average_rating,tp1_0.bio,tp1_0.created_at,tp1_0.credentials_url,tp1_0.degree_url,tp1_0.hourly_rate,tp1_0.identity_card_url,tp1_0.is_verified,tp1_0.profile_picture_url,tp1_0.total_reviews,tp1_0.updated_at,tp1_0.user_id,tp1_0.years_of_experience from tutor_profiles tp1_0 where tp1_0.is_verified=? offset ? rows fetch first ? rows only
2026-05-18T15:10:14.367-05:00 DEBUG 1060 --- [nio-8080-exec-7] org.hibernate.SQL                        : select tc1_0.id,tc1_0.created_at,tc1_0.description,tc1_0.fecha_hora,tc1_0.meeting_link,tc1_0.price,tc1_0.status,tc1_0.estudiante_id,tc1_0.subject,tc1_0.tutor_id,tc1_0.updated_at from tutoring_classes tc1_0 where tc1_0.tutor_id=?
Hibernate: select tc1_0.id,tc1_0.created_at,tc1_0.description,tc1_0.fecha_hora,tc1_0.meeting_link,tc1_0.price,tc1_0.status,tc1_0.estudiante_id,tc1_0.subject,tc1_0.tutor_id,tc1_0.updated_at from tutoring_classes tc1_0 where tc1_0.tutor_id=?
2026-05-18T15:10:14.369-05:00 DEBUG 1060 --- [nio-8080-exec-7] org.hibernate.SQL                        : select tc1_0.id,tc1_0.created_at,tc1_0.description,tc1_0.fecha_hora,tc1_0.meeting_link,tc1_0.price,tc1_0.status,tc1_0.estudiante_id,tc1_0.subject,tc1_0.tutor_id,tc1_0.updated_at from tutoring_classes tc1_0 where tc1_0.estudiante_id=?
Hibernate: select tc1_0.id,tc1_0.created_at,tc1_0.description,tc1_0.fecha_hora,tc1_0.meeting_link,tc1_0.price,tc1_0.status,tc1_0.estudiante_id,tc1_0.subject,tc1_0.tutor_id,tc1_0.updated_at from tutoring_classes tc1_0 where tc1_0.estudiante_id=?
2026-05-18T15:10:14.381-05:00 DEBUG 1060 --- [nio-8080-exec-1] org.hibernate.SQL                        : select tc1_0.id,tc1_0.created_at,tc1_0.description,tc1_0.fecha_hora,tc1_0.meeting_link,tc1_0.price,tc1_0.status,tc1_0.estudiante_id,tc1_0.subject,tc1_0.tutor_id,tc1_0.updated_at from tutoring_classes tc1_0 where tc1_0.tutor_id=?
Hibernate: select tc1_0.id,tc1_0.created_at,tc1_0.description,tc1_0.fecha_hora,tc1_0.meeting_link,tc1_0.price,tc1_0.status,tc1_0.estudiante_id,tc1_0.subject,tc1_0.tutor_id,tc1_0.updated_at from tutoring_classes tc1_0 where tc1_0.tutor_id=?
2026-05-18T15:10:14.383-05:00 DEBUG 1060 --- [nio-8080-exec-1] org.hibernate.SQL                        : select tc1_0.id,tc1_0.created_at,tc1_0.description,tc1_0.fecha_hora,tc1_0.meeting_link,tc1_0.price,tc1_0.status,tc1_0.estudiante_id,tc1_0.subject,tc1_0.tutor_id,tc1_0.updated_at from tutoring_classes tc1_0 where tc1_0.estudiante_id=?
Hibernate: select tc1_0.id,tc1_0.created_at,tc1_0.description,tc1_0.fecha_hora,tc1_0.meeting_link,tc1_0.price,tc1_0.status,tc1_0.estudiante_id,tc1_0.subject,tc1_0.tutor_id,tc1_0.updated_at from tutoring_classes tc1_0 where tc1_0.estudiante_id=?
2026-05-18T15:10:16.016-05:00 DEBUG 1060 --- [nio-8080-exec-2] org.hibernate.SQL                        : select tc1_0.id,tc1_0.created_at,tc1_0.description,tc1_0.fecha_hora,tc1_0.meeting_link,tc1_0.price,tc1_0.status,tc1_0.estudiante_id,tc1_0.subject,tc1_0.tutor_id,tc1_0.updated_at from tutoring_classes tc1_0 where tc1_0.tutor_id=?
Hibernate: select tc1_0.id,tc1_0.created_at,tc1_0.description,tc1_0.fecha_hora,tc1_0.meeting_link,tc1_0.price,tc1_0.status,tc1_0.estudiante_id,tc1_0.subject,tc1_0.tutor_id,tc1_0.updated_at from tutoring_classes tc1_0 where tc1_0.tutor_id=?
2026-05-18T15:10:16.021-05:00 DEBUG 1060 --- [nio-8080-exec-2] org.hibernate.SQL                        : select tc1_0.id,tc1_0.created_at,tc1_0.description,tc1_0.fecha_hora,tc1_0.meeting_link,tc1_0.price,tc1_0.status,tc1_0.estudiante_id,tc1_0.subject,tc1_0.tutor_id,tc1_0.updated_at from tutoring_classes tc1_0 where tc1_0.estudiante_id=?
Hibernate: select tc1_0.id,tc1_0.created_at,tc1_0.description,tc1_0.fecha_hora,tc1_0.meeting_link,tc1_0.price,tc1_0.status,tc1_0.estudiante_id,tc1_0.subject,tc1_0.tutor_id,tc1_0.updated_at from tutoring_classes tc1_0 where tc1_0.estudiante_id=?
2026-05-18T15:10:16.033-05:00 DEBUG 1060 --- [nio-8080-exec-5] org.hibernate.SQL                        : select tc1_0.id,tc1_0.created_at,tc1_0.description,tc1_0.fecha_hora,tc1_0.meeting_link,tc1_0.price,tc1_0.status,tc1_0.estudiante_id,tc1_0.subject,tc1_0.tutor_id,tc1_0.updated_at from tutoring_classes tc1_0 where tc1_0.tutor_id=?
Hibernate: select tc1_0.id,tc1_0.created_at,tc1_0.description,tc1_0.fecha_hora,tc1_0.meeting_link,tc1_0.price,tc1_0.status,tc1_0.estudiante_id,tc1_0.subject,tc1_0.tutor_id,tc1_0.updated_at from tutoring_classes tc1_0 where tc1_0.tutor_id=?
2026-05-18T15:10:16.037-05:00 DEBUG 1060 --- [nio-8080-exec-5] org.hibernate.SQL                        : select tc1_0.id,tc1_0.created_at,tc1_0.description,tc1_0.fecha_hora,tc1_0.meeting_link,tc1_0.price,tc1_0.status,tc1_0.estudiante_id,tc1_0.subject,tc1_0.tutor_id,tc1_0.updated_at from tutoring_classes tc1_0 where tc1_0.estudiante_id=?
Hibernate: select tc1_0.id,tc1_0.created_at,tc1_0.description,tc1_0.fecha_hora,tc1_0.meeting_link,tc1_0.price,tc1_0.status,tc1_0.estudiante_id,tc1_0.subject,tc1_0.tutor_id,tc1_0.updated_at from tutoring_classes tc1_0 where tc1_0.estudiante_id=?
2026-05-18T15:14:29.944-05:00  INFO 1060 --- [essageBroker-10] o.s.w.s.c.WebSocketMessageBrokerStats    : WebSocketSession[0 current WS(0)-HttpStream(0)-HttpPoll(0), 14 total, 1 closed abnormally (1 connect failure, 0 send limit, 0 transport error)], stompSubProtocol[processed CONNECT(9)-CONNECTED(9)-DISCONNECT(3)], stompBrokerRelay[null], inboundChannel[pool size = 0, active threads = 0, queued tasks = 0, completed tasks = 105], outboundChannel[pool size = 0, active threads = 0, queued tasks = 0, completed tasks = 26], sockJsScheduler[pool size = 12, active threads = 1, queued tasks = 1, completed tasks = 420]
2026-05-18T15:44:29.958-05:00  INFO 1060 --- [MessageBroker-1] o.s.w.s.c.WebSocketMessageBrokerStats    : WebSocketSession[0 current WS(0)-HttpStream(0)-HttpPoll(0), 14 total, 1 closed abnormally (1 connect failure, 0 send limit, 0 transport error)], stompSubProtocol[processed CONNECT(9)-CONNECTED(9)-DISCONNECT(3)], stompBrokerRelay[null], inboundChannel[pool size = 0, active threads = 0, queued tasks = 0, completed tasks = 105], outboundChannel[pool size = 0, active threads = 0, queued tasks = 0, completed tasks = 26], sockJsScheduler[pool size = 12, active threads = 1, queued tasks = 1, completed tasks = 781]
2026-05-18T16:14:29.970-05:00  INFO 1060 --- [MessageBroker-1] o.s.w.s.c.WebSocketMessageBrokerStats    : WebSocketSession[0 current WS(0)-HttpStream(0)-HttpPoll(0), 14 total, 1 closed abnormally (1 connect failure, 0 send limit, 0 transport error)], stompSubProtocol[processed CONNECT(9)-CONNECTED(9)-DISCONNECT(3)], stompBrokerRelay[null], inboundChannel[pool size = 0, active threads = 0, queued tasks = 0, completed tasks = 105], outboundChannel[pool size = 0, active threads = 0, queued tasks = 0, completed tasks = 26], sockJsScheduler[pool size = 12, active threads = 1, queued tasks = 1, completed tasks = 1142]
